// Jest Snapshot v1, https://goo.gl/fbAQLP

exports[`Footer should render 1`] = `
<div>
  <footer>
    <p>
      Copyright Â© 2021
    </p>
    <a
      href="/about"
    >
      About
    </a>
  </footer>
</div>
`;
